[INFO] 2025-12-16 16:44:31,922 django.server: "GET /admin/view-schedule/default1 HTTP/1.1" 200 3535
[INFO] 2025-12-16 16:44:31,922 django.server: "GET /admin/view-schedule/default1 HTTP/1.1" 200 3535
[WARNING] 2025-12-16 16:44:32,064 django.request: Not Found: /.well-known/appspecific/com.chrome.devtools.json
[WARNING] 2025-12-16 16:44:32,064 django.request: Not Found: /.well-known/appspecific/com.chrome.devtools.json
[WARNING] 2025-12-16 16:44:32,072 django.server: "GET /.well-known/appspecific/com.chrome.devtools.json HTTP/1.1" 404 3334
[WARNING] 2025-12-16 16:44:32,072 django.server: "GET /.well-known/appspecific/com.chrome.devtools.json HTTP/1.1" 404 3334
[INFO] 2025-12-17 11:41:24,723 django.utils.autoreload: Watching for file changes with StatReloader
[INFO] 2025-12-17 11:41:24,723 django.utils.autoreload: Watching for file changes with StatReloader
[INFO] 2025-12-17 12:41:55,937 django-q: Q Cluster mars-lactose-sad-river starting.
[INFO] 2025-12-17 12:41:56,308 django-q: Process-1c2b2b4864d2436fb4eea082276eb108 guarding cluster mars-lactose-sad-river [mysite_queue]
[INFO] 2025-12-17 12:41:56,309 django-q: Q Cluster mars-lactose-sad-river [mysite_queue] running.
[INFO] 2025-12-17 12:41:56,581 django-q: Process-f47b300a8a2c45eabeaf485cb2431e55 monitoring at 26332
[INFO] 2025-12-17 12:41:56,621 django-q: Process-77a93a5f91654b64b1ef81c29026abd0 ready for work at 8532
[INFO] 2025-12-17 12:41:56,642 django-q: Process-a389df114dfd48f693ae1440d37a2053 pushing tasks at 14456
[INFO] 2025-12-17 13:00:22,401 django.utils.autoreload: Watching for file changes with StatReloader
[INFO] 2025-12-17 13:00:22,401 django.utils.autoreload: Watching for file changes with StatReloader
[INFO] 2025-12-17 13:00:25,439 django.server: "GET / HTTP/1.1" 200 521
[INFO] 2025-12-17 13:00:25,439 django.server: "GET / HTTP/1.1" 200 521
[INFO] 2025-12-17 13:00:50,009 django.server: "POST / HTTP/1.1" 200 572
[INFO] 2025-12-17 13:00:50,009 django.server: "POST / HTTP/1.1" 200 572
[INFO] 2025-12-17 13:01:03,492 django.server: "POST / HTTP/1.1" 302 0
[INFO] 2025-12-17 13:01:03,492 django.server: "POST / HTTP/1.1" 302 0
[INFO] 2025-12-17 13:01:03,512 django.server: "GET /admin/dashboard/ HTTP/1.1" 200 2064
[INFO] 2025-12-17 13:01:03,512 django.server: "GET /admin/dashboard/ HTTP/1.1" 200 2064
[INFO] 2025-12-17 13:01:03,586 django.server: "GET /static/admin_panel/css/styles.css HTTP/1.1" 200 1160
[INFO] 2025-12-17 13:01:03,586 django.server: "GET /static/admin_panel/css/styles.css HTTP/1.1" 200 1160
[INFO] 2025-12-17 13:01:17,304 django.server: "GET /admin/dashboard/ HTTP/1.1" 200 1826
[INFO] 2025-12-17 13:01:17,304 django.server: "GET /admin/dashboard/ HTTP/1.1" 200 1826
[INFO] 2025-12-17 13:01:17,354 django.server: "GET /static/admin_panel/css/styles.css HTTP/1.1" 200 1160
[INFO] 2025-12-17 13:01:17,354 django.server: "GET /static/admin_panel/css/styles.css HTTP/1.1" 200 1160
[INFO] 2025-12-17 13:01:21,733 django.server: "GET /admin/campaigns/ HTTP/1.1" 200 17257
[INFO] 2025-12-17 13:01:21,733 django.server: "GET /admin/campaigns/ HTTP/1.1" 200 17257
[INFO] 2025-12-17 13:01:30,242 django.server: "GET /admin/campaigns/ HTTP/1.1" 200 17257
[INFO] 2025-12-17 13:01:30,242 django.server: "GET /admin/campaigns/ HTTP/1.1" 200 17257
[INFO] 2025-12-17 13:01:34,339 django.server: "GET /admin/campaigns/ HTTP/1.1" 200 17257
[INFO] 2025-12-17 13:01:34,339 django.server: "GET /admin/campaigns/ HTTP/1.1" 200 17257
[INFO] 2025-12-17 13:01:36,115 django.server: "GET /admin/radio_stations/ HTTP/1.1" 200 39175
[INFO] 2025-12-17 13:01:36,115 django.server: "GET /admin/radio_stations/ HTTP/1.1" 200 39175
[INFO] 2025-12-17 13:01:42,253 django.server: "GET /admin/campaigns/ HTTP/1.1" 200 17257
[INFO] 2025-12-17 13:01:42,253 django.server: "GET /admin/campaigns/ HTTP/1.1" 200 17257
[INFO] 2025-12-17 13:16:08,667 django.server: "GET /admin/campaign/test_campaign HTTP/1.1" 200 19432
[INFO] 2025-12-17 13:16:08,667 django.server: "GET /admin/campaign/test_campaign HTTP/1.1" 200 19432
[INFO] 2025-12-17 13:16:08,696 django.server: "GET /static/admin_panel/icons/filter.svg HTTP/1.1" 200 1409
[INFO] 2025-12-17 13:16:08,696 django.server: "GET /static/admin_panel/icons/filter.svg HTTP/1.1" 200 1409
[INFO] 2025-12-17 13:16:08,797 django.server: "GET /admin/campaign/test_campaign?page=1 HTTP/1.1" 200 4030
[INFO] 2025-12-17 13:16:08,797 django.server: "GET /admin/campaign/test_campaign?page=1 HTTP/1.1" 200 4030
[INFO] 2025-12-17 13:16:08,814 django.server: "GET /static/admin_panel/icons/download.svg HTTP/1.1" 200 827
[INFO] 2025-12-17 13:16:08,814 django.server: "GET /static/admin_panel/icons/download.svg HTTP/1.1" 200 827
[INFO] 2025-12-17 13:16:08,815 django.server: "GET /static/admin_panel/icons/epd.svg HTTP/1.1" 200 1064
[INFO] 2025-12-17 13:16:08,815 django.server: "GET /static/admin_panel/icons/epd.svg HTTP/1.1" 200 1064
[INFO] 2025-12-17 13:16:09,925 django.server: "GET /admin/view-schedule/default1 HTTP/1.1" 200 3535
[INFO] 2025-12-17 13:16:09,925 django.server: "GET /admin/view-schedule/default1 HTTP/1.1" 200 3535
[INFO] 2025-12-17 13:25:23,762 django.server: "GET /admin/view-schedule/default1 HTTP/1.1" 200 3535
[INFO] 2025-12-17 13:25:23,762 django.server: "GET /admin/view-schedule/default1 HTTP/1.1" 200 3535
[INFO] 2025-12-17 13:26:05,313 django.server: "GET / HTTP/1.1" 302 0
[INFO] 2025-12-17 13:26:05,313 django.server: "GET / HTTP/1.1" 302 0
[INFO] 2025-12-17 13:26:05,329 django.server: "GET /admin/dashboard/ HTTP/1.1" 200 1826
[INFO] 2025-12-17 13:26:05,329 django.server: "GET /admin/dashboard/ HTTP/1.1" 200 1826
[WARNING] 2025-12-17 13:26:05,471 django.request: Not Found: /favicon.ico
[WARNING] 2025-12-17 13:26:05,471 django.request: Not Found: /favicon.ico
[WARNING] 2025-12-17 13:26:05,472 django.server: "GET /favicon.ico HTTP/1.1" 404 3223
[WARNING] 2025-12-17 13:26:05,472 django.server: "GET /favicon.ico HTTP/1.1" 404 3223
[INFO] 2025-12-17 13:26:07,350 django.server: "GET /admin/campaigns/ HTTP/1.1" 200 17257
[INFO] 2025-12-17 13:26:07,350 django.server: "GET /admin/campaigns/ HTTP/1.1" 200 17257
[INFO] 2025-12-17 13:26:09,245 django.server: "GET /admin/campaign/edit/test_campaign/ HTTP/1.1" 200 9090
[INFO] 2025-12-17 13:26:09,245 django.server: "GET /admin/campaign/edit/test_campaign/ HTTP/1.1" 200 9090
[INFO] 2025-12-17 13:26:10,713 django.server: "GET /admin/campaigns/ HTTP/1.1" 200 17257
[INFO] 2025-12-17 13:26:10,713 django.server: "GET /admin/campaigns/ HTTP/1.1" 200 17257
[INFO] 2025-12-17 13:26:11,799 django.server: "GET /admin/campaign/test_campaign HTTP/1.1" 200 19432
[INFO] 2025-12-17 13:26:11,799 django.server: "GET /admin/campaign/test_campaign HTTP/1.1" 200 19432
[INFO] 2025-12-17 13:26:11,877 django.server: "GET /admin/campaign/test_campaign?page=1 HTTP/1.1" 200 4030
[INFO] 2025-12-17 13:26:11,877 django.server: "GET /admin/campaign/test_campaign?page=1 HTTP/1.1" 200 4030
[INFO] 2025-12-17 13:26:11,897 django.server: "GET /static/admin_panel/icons/download.svg HTTP/1.1" 304 0
[INFO] 2025-12-17 13:26:11,897 django.server: "GET /static/admin_panel/icons/download.svg HTTP/1.1" 304 0
[INFO] 2025-12-17 13:26:11,898 django.server: "GET /static/admin_panel/icons/epd.svg HTTP/1.1" 304 0
[INFO] 2025-12-17 13:26:11,898 django.server: "GET /static/admin_panel/icons/epd.svg HTTP/1.1" 304 0
[INFO] 2025-12-17 13:26:12,783 django.server: "GET /admin/view-schedule/default1 HTTP/1.1" 200 3535
[INFO] 2025-12-17 13:26:12,783 django.server: "GET /admin/view-schedule/default1 HTTP/1.1" 200 3535
[INFO] 2025-12-17 13:26:22,293 django.server: "GET /admin/view-schedule/default1 HTTP/1.1" 200 3535
[INFO] 2025-12-17 13:26:22,293 django.server: "GET /admin/view-schedule/default1 HTTP/1.1" 200 3535
[INFO] 2025-12-17 13:30:33,207 django.server: "GET /admin/view-schedule/default1 HTTP/1.1" 200 3548
[INFO] 2025-12-17 13:30:33,207 django.server: "GET /admin/view-schedule/default1 HTTP/1.1" 200 3548
[INFO] 2025-12-17 13:31:09,921 django.server: "GET /admin/view-schedule/default1 HTTP/1.1" 200 3548
[INFO] 2025-12-17 13:31:09,921 django.server: "GET /admin/view-schedule/default1 HTTP/1.1" 200 3548
[INFO] 2025-12-17 13:31:36,382 django.server: "GET /admin/view-schedule/default1 HTTP/1.1" 200 3547
[INFO] 2025-12-17 13:31:36,382 django.server: "GET /admin/view-schedule/default1 HTTP/1.1" 200 3547
[INFO] 2025-12-17 13:32:14,792 django.utils.autoreload: D:\python_project\Django_practise\mysite\admin_panel\views.py changed, reloading.
[INFO] 2025-12-17 13:32:14,792 django.utils.autoreload: D:\python_project\Django_practise\mysite\admin_panel\views.py changed, reloading.
[INFO] 2025-12-17 13:32:15,759 django.utils.autoreload: Watching for file changes with StatReloader
[INFO] 2025-12-17 13:32:15,759 django.utils.autoreload: Watching for file changes with StatReloader
[INFO] 2025-12-17 13:32:29,424 django.server: "GET /admin/view-schedule/default1 HTTP/1.1" 200 3547
[INFO] 2025-12-17 13:32:29,424 django.server: "GET /admin/view-schedule/default1 HTTP/1.1" 200 3547
[INFO] 2025-12-17 13:32:31,982 django.server: "GET /admin/view-schedule/default1 HTTP/1.1" 200 3547
[INFO] 2025-12-17 13:32:31,982 django.server: "GET /admin/view-schedule/default1 HTTP/1.1" 200 3547
[INFO] 2025-12-17 13:32:35,790 django.server: "GET /admin/view-schedule/default1 HTTP/1.1" 200 3547
[INFO] 2025-12-17 13:32:35,790 django.server: "GET /admin/view-schedule/default1 HTTP/1.1" 200 3547
[INFO] 2025-12-17 13:34:01,182 django.server: "GET /admin/view-schedule/default1 HTTP/1.1" 200 3579
[INFO] 2025-12-17 13:34:01,182 django.server: "GET /admin/view-schedule/default1 HTTP/1.1" 200 3579
[INFO] 2025-12-17 13:34:01,417 django.server: "GET /admin/view-schedule/default1 HTTP/1.1" 200 3579
[INFO] 2025-12-17 13:34:01,417 django.server: "GET /admin/view-schedule/default1 HTTP/1.1" 200 3579
[INFO] 2025-12-17 13:35:43,443 django.server: "GET /admin/view-schedule/default1 HTTP/1.1" 200 3588
[INFO] 2025-12-17 13:35:43,443 django.server: "GET /admin/view-schedule/default1 HTTP/1.1" 200 3588
[INFO] 2025-12-17 13:35:43,670 django.server: "GET /admin/view-schedule/default1 HTTP/1.1" 200 3588
[INFO] 2025-12-17 13:35:43,670 django.server: "GET /admin/view-schedule/default1 HTTP/1.1" 200 3588
[INFO] 2025-12-17 13:35:59,664 django.server: "GET /admin/view-schedule/default1 HTTP/1.1" 200 10784
[INFO] 2025-12-17 13:35:59,664 django.server: "GET /admin/view-schedule/default1 HTTP/1.1" 200 10784
[INFO] 2025-12-17 13:36:29,079 django.server: "GET /admin/view-schedule/default1 HTTP/1.1" 200 10824
[INFO] 2025-12-17 13:36:29,079 django.server: "GET /admin/view-schedule/default1 HTTP/1.1" 200 10824
[ERROR] 2025-12-17 13:36:49,121 django.request: Internal Server Error: /admin/view-schedule/default1
Traceback (most recent call last):
  File "D:\Python313\Lib\site-packages\django\template\base.py", line 577, in parse
    compile_func = self.tags[command]
                   ~~~~~~~~~^^^^^^^^^
KeyError: 'product.name'

During handling of the above exception, another exception occurred:

Traceback (most recent call last):
  File "D:\Python313\Lib\site-packages\django\core\handlers\exception.py", line 55, in inner
    response = get_response(request)
  File "D:\Python313\Lib\site-packages\django\core\handlers\base.py", line 198, in _get_response
    response = wrapped_callback(request, *callback_args, **callback_kwargs)
  File "D:\python_project\Django_practise\mysite\admin_panel\views.py", line 475, in view_schedule
    return render(request, 'admin_panel/layout/schedules/view_schedules.html', context)
  File "D:\Python313\Lib\site-packages\django\shortcuts.py", line 25, in render
    content = loader.render_to_string(template_name, context, request, using=using)
  File "D:\Python313\Lib\site-packages\django\template\loader.py", line 61, in render_to_string
    template = get_template(template_name, using=using)
  File "D:\Python313\Lib\site-packages\django\template\loader.py", line 15, in get_template
    return engine.get_template(template_name)
           ~~~~~~~~~~~~~~~~~~~^^^^^^^^^^^^^^^
  File "D:\Python313\Lib\site-packages\django\template\backends\django.py", line 79, in get_template
    return Template(self.engine.get_template(template_name), self)
                    ~~~~~~~~~~~~~~~~~~~~~~~~^^^^^^^^^^^^^^^
  File "D:\Python313\Lib\site-packages\django\template\engine.py", line 186, in get_template
    template, origin = self.find_template(template_name)
                       ~~~~~~~~~~~~~~~~~~^^^^^^^^^^^^^^^
  File "D:\Python313\Lib\site-packages\django\template\engine.py", line 159, in find_template
    template = loader.get_template(name, skip=skip)
  File "D:\Python313\Lib\site-packages\django\template\loaders\cached.py", line 57, in get_template
    template = super().get_template(template_name, skip)
  File "D:\Python313\Lib\site-packages\django\template\loaders\base.py", line 28, in get_template
    return Template(
        contents,
    ...<2 lines>...
        self.engine,
    )
  File "D:\Python313\Lib\site-packages\django\template\base.py", line 157, in __init__
    self.nodelist = self.compile_nodelist()
                    ~~~~~~~~~~~~~~~~~~~~~^^
  File "D:\Python313\Lib\site-packages\django\template\base.py", line 199, in compile_nodelist
    nodelist = parser.parse()
  File "D:\Python313\Lib\site-packages\django\template\base.py", line 585, in parse
    raise self.error(token, e)
  File "D:\Python313\Lib\site-packages\django\template\base.py", line 583, in parse
    compiled_result = compile_func(self, token)
  File "D:\Python313\Lib\site-packages\django\template\loader_tags.py", line 307, in do_extends
    nodelist = parser.parse()
  File "D:\Python313\Lib\site-packages\django\template\base.py", line 585, in parse
    raise self.error(token, e)
  File "D:\Python313\Lib\site-packages\django\template\base.py", line 583, in parse
    compiled_result = compile_func(self, token)
  File "D:\Python313\Lib\site-packages\django\template\loader_tags.py", line 235, in do_block
    nodelist = parser.parse(("endblock",))
  File "D:\Python313\Lib\site-packages\django\template\base.py", line 585, in parse
    raise self.error(token, e)
  File "D:\Python313\Lib\site-packages\django\template\base.py", line 583, in parse
    compiled_result = compile_func(self, token)
  File "D:\Python313\Lib\site-packages\django\template\defaulttags.py", line 894, in do_for
    nodelist_loop = parser.parse(
        (
    ...<2 lines>...
        )
    )
  File "D:\Python313\Lib\site-packages\django\template\base.py", line 579, in parse
    self.invalid_block_tag(token, command, parse_until)
    ~~~~~~~~~~~~~~~~~~~~~~^^^^^^^^^^^^^^^^^^^^^^^^^^^^^
  File "D:\Python313\Lib\site-packages\django\template\base.py", line 634, in invalid_block_tag
    raise self.error(
    ...<8 lines>...
    )
django.template.exceptions.TemplateSyntaxError: Template: D:\python_project\Django_practise\mysite\admin_panel\templates\admin_panel\layout\schedules\view_schedules.html, Invalid block tag on line 79: 'product.name', expected 'empty' or 'endfor'. Did you forget to register or load this tag?
[ERROR] 2025-12-17 13:36:49,121 django.request: Internal Server Error: /admin/view-schedule/default1
Traceback (most recent call last):
  File "D:\Python313\Lib\site-packages\django\template\base.py", line 577, in parse
    compile_func = self.tags[command]
                   ~~~~~~~~~^^^^^^^^^
KeyError: 'product.name'

During handling of the above exception, another exception occurred:

Traceback (most recent call last):
  File "D:\Python313\Lib\site-packages\django\core\handlers\exception.py", line 55, in inner
    response = get_response(request)
  File "D:\Python313\Lib\site-packages\django\core\handlers\base.py", line 198, in _get_response
    response = wrapped_callback(request, *callback_args, **callback_kwargs)
  File "D:\python_project\Django_practise\mysite\admin_panel\views.py", line 475, in view_schedule
    return render(request, 'admin_panel/layout/schedules/view_schedules.html', context)
  File "D:\Python313\Lib\site-packages\django\shortcuts.py", line 25, in render
    content = loader.render_to_string(template_name, context, request, using=using)
  File "D:\Python313\Lib\site-packages\django\template\loader.py", line 61, in render_to_string
    template = get_template(template_name, using=using)
  File "D:\Python313\Lib\site-packages\django\template\loader.py", line 15, in get_template
    return engine.get_template(template_name)
           ~~~~~~~~~~~~~~~~~~~^^^^^^^^^^^^^^^
  File "D:\Python313\Lib\site-packages\django\template\backends\django.py", line 79, in get_template
    return Template(self.engine.get_template(template_name), self)
                    ~~~~~~~~~~~~~~~~~~~~~~~~^^^^^^^^^^^^^^^
  File "D:\Python313\Lib\site-packages\django\template\engine.py", line 186, in get_template
    template, origin = self.find_template(template_name)
                       ~~~~~~~~~~~~~~~~~~^^^^^^^^^^^^^^^
  File "D:\Python313\Lib\site-packages\django\template\engine.py", line 159, in find_template
    template = loader.get_template(name, skip=skip)
  File "D:\Python313\Lib\site-packages\django\template\loaders\cached.py", line 57, in get_template
    template = super().get_template(template_name, skip)
  File "D:\Python313\Lib\site-packages\django\template\loaders\base.py", line 28, in get_template
    return Template(
        contents,
    ...<2 lines>...
        self.engine,
    )
  File "D:\Python313\Lib\site-packages\django\template\base.py", line 157, in __init__
    self.nodelist = self.compile_nodelist()
                    ~~~~~~~~~~~~~~~~~~~~~^^
  File "D:\Python313\Lib\site-packages\django\template\base.py", line 199, in compile_nodelist
    nodelist = parser.parse()
  File "D:\Python313\Lib\site-packages\django\template\base.py", line 585, in parse
    raise self.error(token, e)
  File "D:\Python313\Lib\site-packages\django\template\base.py", line 583, in parse
    compiled_result = compile_func(self, token)
  File "D:\Python313\Lib\site-packages\django\template\loader_tags.py", line 307, in do_extends
    nodelist = parser.parse()
  File "D:\Python313\Lib\site-packages\django\template\base.py", line 585, in parse
    raise self.error(token, e)
  File "D:\Python313\Lib\site-packages\django\template\base.py", line 583, in parse
    compiled_result = compile_func(self, token)
  File "D:\Python313\Lib\site-packages\django\template\loader_tags.py", line 235, in do_block
    nodelist = parser.parse(("endblock",))
  File "D:\Python313\Lib\site-packages\django\template\base.py", line 585, in parse
    raise self.error(token, e)
  File "D:\Python313\Lib\site-packages\django\template\base.py", line 583, in parse
    compiled_result = compile_func(self, token)
  File "D:\Python313\Lib\site-packages\django\template\defaulttags.py", line 894, in do_for
    nodelist_loop = parser.parse(
        (
    ...<2 lines>...
        )
    )
  File "D:\Python313\Lib\site-packages\django\template\base.py", line 579, in parse
    self.invalid_block_tag(token, command, parse_until)
    ~~~~~~~~~~~~~~~~~~~~~~^^^^^^^^^^^^^^^^^^^^^^^^^^^^^
  File "D:\Python313\Lib\site-packages\django\template\base.py", line 634, in invalid_block_tag
    raise self.error(
    ...<8 lines>...
    )
django.template.exceptions.TemplateSyntaxError: Template: D:\python_project\Django_practise\mysite\admin_panel\templates\admin_panel\layout\schedules\view_schedules.html, Invalid block tag on line 79: 'product.name', expected 'empty' or 'endfor'. Did you forget to register or load this tag?
[ERROR] 2025-12-17 13:36:49,134 django.server: "GET /admin/view-schedule/default1 HTTP/1.1" 500 212148
[ERROR] 2025-12-17 13:36:49,134 django.server: "GET /admin/view-schedule/default1 HTTP/1.1" 500 212148
[INFO] 2025-12-17 13:37:32,820 django.server: "GET /admin/view-schedule/default1 HTTP/1.1" 200 10728
[INFO] 2025-12-17 13:37:32,820 django.server: "GET /admin/view-schedule/default1 HTTP/1.1" 200 10728
[INFO] 2025-12-17 13:38:47,984 django.utils.autoreload: D:\python_project\Django_practise\mysite\admin_panel\views.py changed, reloading.
[INFO] 2025-12-17 13:38:47,984 django.utils.autoreload: D:\python_project\Django_practise\mysite\admin_panel\views.py changed, reloading.
[INFO] 2025-12-17 13:38:50,426 django.utils.autoreload: Watching for file changes with StatReloader
[INFO] 2025-12-17 13:38:50,426 django.utils.autoreload: Watching for file changes with StatReloader
[INFO] 2025-12-17 13:38:54,657 django.utils.autoreload: D:\python_project\Django_practise\mysite\admin_panel\views.py changed, reloading.
[INFO] 2025-12-17 13:38:54,657 django.utils.autoreload: D:\python_project\Django_practise\mysite\admin_panel\views.py changed, reloading.
[INFO] 2025-12-17 13:38:56,179 django.utils.autoreload: Watching for file changes with StatReloader
[INFO] 2025-12-17 13:38:56,179 django.utils.autoreload: Watching for file changes with StatReloader
[INFO] 2025-12-17 13:39:03,544 django.server: "GET /admin/view-schedule/default1 HTTP/1.1" 200 10728
[INFO] 2025-12-17 13:39:03,544 django.server: "GET /admin/view-schedule/default1 HTTP/1.1" 200 10728
[INFO] 2025-12-17 13:39:29,116 django.utils.autoreload: D:\python_project\Django_practise\mysite\admin_panel\views.py changed, reloading.
[INFO] 2025-12-17 13:39:29,116 django.utils.autoreload: D:\python_project\Django_practise\mysite\admin_panel\views.py changed, reloading.
[INFO] 2025-12-17 13:39:29,473 django.utils.autoreload: Watching for file changes with StatReloader
[INFO] 2025-12-17 13:39:29,473 django.utils.autoreload: Watching for file changes with StatReloader
[ERROR] 2025-12-17 13:39:34,120 django.request: Internal Server Error: /admin/view-schedule/default1
Traceback (most recent call last):
  File "D:\Python313\Lib\site-packages\django\core\handlers\exception.py", line 55, in inner
    response = get_response(request)
  File "D:\Python313\Lib\site-packages\django\core\handlers\base.py", line 198, in _get_response
    response = wrapped_callback(request, *callback_args, **callback_kwargs)
  File "D:\python_project\Django_practise\mysite\admin_panel\views.py", line 470, in view_schedule
    print(model_to_dict(product))
          ~~~~~~~~~~~~~^^^^^^^^^
  File "D:\Python313\Lib\site-packages\django\forms\models.py", line 111, in model_to_dict
    opts = instance._meta
           ^^^^^^^^^^^^^^
AttributeError: 'QuerySet' object has no attribute '_meta'
[ERROR] 2025-12-17 13:39:34,120 django.request: Internal Server Error: /admin/view-schedule/default1
Traceback (most recent call last):
  File "D:\Python313\Lib\site-packages\django\core\handlers\exception.py", line 55, in inner
    response = get_response(request)
  File "D:\Python313\Lib\site-packages\django\core\handlers\base.py", line 198, in _get_response
    response = wrapped_callback(request, *callback_args, **callback_kwargs)
  File "D:\python_project\Django_practise\mysite\admin_panel\views.py", line 470, in view_schedule
    print(model_to_dict(product))
          ~~~~~~~~~~~~~^^^^^^^^^
  File "D:\Python313\Lib\site-packages\django\forms\models.py", line 111, in model_to_dict
    opts = instance._meta
           ^^^^^^^^^^^^^^
AttributeError: 'QuerySet' object has no attribute '_meta'
[ERROR] 2025-12-17 13:39:34,125 django.server: "GET /admin/view-schedule/default1 HTTP/1.1" 500 73789
[ERROR] 2025-12-17 13:39:34,125 django.server: "GET /admin/view-schedule/default1 HTTP/1.1" 500 73789
[INFO] 2025-12-17 13:41:05,659 django.utils.autoreload: D:\python_project\Django_practise\mysite\admin_panel\views.py changed, reloading.
[INFO] 2025-12-17 13:41:05,659 django.utils.autoreload: D:\python_project\Django_practise\mysite\admin_panel\views.py changed, reloading.
[INFO] 2025-12-17 13:41:06,011 django.utils.autoreload: Watching for file changes with StatReloader
[INFO] 2025-12-17 13:41:06,011 django.utils.autoreload: Watching for file changes with StatReloader
[ERROR] 2025-12-17 13:41:11,870 django.request: Internal Server Error: /admin/view-schedule/default1
Traceback (most recent call last):
  File "D:\Python313\Lib\site-packages\django\core\handlers\exception.py", line 55, in inner
    response = get_response(request)
  File "D:\Python313\Lib\site-packages\django\core\handlers\base.py", line 198, in _get_response
    response = wrapped_callback(request, *callback_args, **callback_kwargs)
  File "D:\python_project\Django_practise\mysite\admin_panel\views.py", line 470, in view_schedule
    print(list(products))
               ^^^^^^^^
NameError: name 'products' is not defined. Did you mean: 'product'?
[ERROR] 2025-12-17 13:41:11,870 django.request: Internal Server Error: /admin/view-schedule/default1
Traceback (most recent call last):
  File "D:\Python313\Lib\site-packages\django\core\handlers\exception.py", line 55, in inner
    response = get_response(request)
  File "D:\Python313\Lib\site-packages\django\core\handlers\base.py", line 198, in _get_response
    response = wrapped_callback(request, *callback_args, **callback_kwargs)
  File "D:\python_project\Django_practise\mysite\admin_panel\views.py", line 470, in view_schedule
    print(list(products))
               ^^^^^^^^
NameError: name 'products' is not defined. Did you mean: 'product'?
[ERROR] 2025-12-17 13:41:11,873 django.server: "GET /admin/view-schedule/default1 HTTP/1.1" 500 69506
[ERROR] 2025-12-17 13:41:11,873 django.server: "GET /admin/view-schedule/default1 HTTP/1.1" 500 69506
[INFO] 2025-12-17 13:41:16,805 django.utils.autoreload: D:\python_project\Django_practise\mysite\admin_panel\views.py changed, reloading.
[INFO] 2025-12-17 13:41:16,805 django.utils.autoreload: D:\python_project\Django_practise\mysite\admin_panel\views.py changed, reloading.
[INFO] 2025-12-17 13:41:17,595 django.utils.autoreload: Watching for file changes with StatReloader
[INFO] 2025-12-17 13:41:17,595 django.utils.autoreload: Watching for file changes with StatReloader
[INFO] 2025-12-17 13:41:17,930 django.server: "GET /admin/view-schedule/default1 HTTP/1.1" 200 10728
[INFO] 2025-12-17 13:41:17,930 django.server: "GET /admin/view-schedule/default1 HTTP/1.1" 200 10728
[INFO] 2025-12-17 13:41:48,503 django.server: "GET /admin/view-schedule/default1 HTTP/1.1" 200 10761
[INFO] 2025-12-17 13:41:48,503 django.server: "GET /admin/view-schedule/default1 HTTP/1.1" 200 10761
[INFO] 2025-12-17 13:47:06,664 django.utils.autoreload: D:\python_project\Django_practise\mysite\admin_panel\models.py changed, reloading.
[INFO] 2025-12-17 13:47:06,664 django.utils.autoreload: D:\python_project\Django_practise\mysite\admin_panel\models.py changed, reloading.
[INFO] 2025-12-17 13:47:07,073 django.utils.autoreload: Watching for file changes with StatReloader
[INFO] 2025-12-17 13:47:07,073 django.utils.autoreload: Watching for file changes with StatReloader
[INFO] 2025-12-17 13:48:12,577 django.utils.autoreload: D:\python_project\Django_practise\mysite\admin_panel\models.py changed, reloading.
[INFO] 2025-12-17 13:48:12,577 django.utils.autoreload: D:\python_project\Django_practise\mysite\admin_panel\models.py changed, reloading.
[INFO] 2025-12-17 13:48:12,934 django.utils.autoreload: Watching for file changes with StatReloader
[INFO] 2025-12-17 13:48:12,934 django.utils.autoreload: Watching for file changes with StatReloader
[INFO] 2025-12-17 13:48:26,914 django.server: "GET /admin/view-schedule/default1 HTTP/1.1" 200 10761
[INFO] 2025-12-17 13:48:26,914 django.server: "GET /admin/view-schedule/default1 HTTP/1.1" 200 10761
